---
source: crates/oxc_linter/src/tester.rs
expression: eq_eq_eq
---

  ⚠ eslint(eqeqeq): Require the use of === and !==
   ╭─[eq_eq_eq.tsx:1:1]
 1 │ a == b
   · ──────
   ╰────
  help: Prefer strict (in)equality operator

  ⚠ eslint(eqeqeq): Require the use of === and !==
   ╭─[eq_eq_eq.tsx:1:1]
 1 │ foo == true
   · ───────────
   ╰────
  help: Prefer strict (in)equality operator

  ⚠ eslint(eqeqeq): Require the use of === and !==
   ╭─[eq_eq_eq.tsx:1:1]
 1 │ bananas != 1
   · ────────────
   ╰────
  help: Prefer strict (in)equality operator

  ⚠ eslint(eqeqeq): Require the use of === and !==
   ╭─[eq_eq_eq.tsx:1:1]
 1 │ value == undefined
   · ──────────────────
   ╰────
  help: Prefer strict (in)equality operator

