Printer Summary:
AST Parsed     : 44488/44488 (100.00%)
Positive Passed: 44488/44488 (100.00%)
