Test262 Summary:
Positive Passed: 0/43934 (0.00%)
Negative Passed: 3917/3917 (100.00%)
